// Jest Snapshot v1, https://goo.gl/fbAQLP

exports[`graphql-codegen.ts works: __generated__ 1`] = `
Array [
  "__generated__/pages/viewer.graphql.tsx",
]
`;

exports[`graphql-codegen.ts works: __generated__/pages/viewer.graphql.tsx 1`] = `
"/* xx
 * This file is automatically generated by graphql-let. */

import gql from 'graphql-tag';
import * as React from 'react';
import * as ApolloReactCommon from '@apollo/react-common';
import * as ApolloReactComponents from '@apollo/react-components';
import * as ApolloReactHooks from '@apollo/react-hooks';
export type Maybe<T> = T | null;
export type Exact<T extends { [key: string]: unknown }> = { [K in keyof T]: T[K] };
export type Omit<T, K extends keyof T> = Pick<T, Exclude<keyof T, K>>;
/** All built-in and custom scalars, mapped to their actual values */
export type Scalars = {
  ID: string;
  String: string;
  Boolean: boolean;
  Int: number;
  Float: number;
};

export type Query = {
  __typename?: 'Query';
  viewer?: Maybe<User>;
};

export type User = {
  __typename?: 'User';
  id: Scalars['ID'];
  name: Scalars['String'];
  status: Scalars['String'];
};

export type ViewerQueryVariables = Exact<{ [key: string]: never; }>;


export type ViewerQuery = (
  { __typename?: 'Query' }
  & { viewer?: Maybe<(
    { __typename?: 'User' }
    & Pick<User, 'id' | 'name' | 'status'>
  )> }
);


export const ViewerDocument = gql\`
    query Viewer {
  viewer {
    id
    name
    status
  }
}
    \`;
export type ViewerComponentProps = Omit<ApolloReactComponents.QueryComponentOptions<ViewerQuery, ViewerQueryVariables>, 'query'>;

    export const ViewerComponent = (props: ViewerComponentProps) => (
      <ApolloReactComponents.Query<ViewerQuery, ViewerQueryVariables> query={ViewerDocument} {...props} />
    );
    

/**
 * __useViewerQuery__
 *
 * To run a query within a React component, call \`useViewerQuery\` and pass it any options that fit your needs.
 * When your component renders, \`useViewerQuery\` returns an object from Apollo Client that contains loading, error, and data properties
 * you can use to render your UI.
 *
 * @param baseOptions options that will be passed into the query, supported options are listed on: https://www.apollographql.com/docs/react/api/react-hooks/#options;
 *
 * @example
 * const { data, loading, error } = useViewerQuery({
 *   variables: {
 *   },
 * });
 */
export function useViewerQuery(baseOptions?: ApolloReactHooks.QueryHookOptions<ViewerQuery, ViewerQueryVariables>) {
        return ApolloReactHooks.useQuery<ViewerQuery, ViewerQueryVariables>(ViewerDocument, baseOptions);
      }
export function useViewerLazyQuery(baseOptions?: ApolloReactHooks.LazyQueryHookOptions<ViewerQuery, ViewerQueryVariables>) {
          return ApolloReactHooks.useLazyQuery<ViewerQuery, ViewerQueryVariables>(ViewerDocument, baseOptions);
        }
export type ViewerQueryHookResult = ReturnType<typeof useViewerQuery>;
export type ViewerLazyQueryHookResult = ReturnType<typeof useViewerLazyQuery>;
export type ViewerQueryResult = ApolloReactCommon.QueryResult<ViewerQuery, ViewerQueryVariables>;"
`;
